in main, call foo
	 in foo
		 in foo1
aspect, throw 3
2nd cacth, exception = 3
after aspect for foo
in main, call foo3
	 in foo3
	 in foo
		 in foo1
aspect, throw 3
1st cacth, exception = 3
after aspect for foo
	 end of foo3
end of main
