in foo, b = a = 0
aspect: around set global a
a = 99, b = 23 
end of foo
in foo1, local a shadows global a 
a = 34
end of foo1
in foo2, assign a be 2
aspect: around set global a
aspect: around set global a
end of foo2, a = 99 
in foo, b = a = 0
aspect: around set global a
a = 99, b = 23 
end of foo
