in foo, b = a = 0
aspect: around set global a
call proceed();
a = 0, b = 2 
end of foo
in foo1, local a shadows global a 
a = 34
end of foo1
in foo2, assign a be 2
aspect: around set global a
call proceed();
aspect: around set global a
call proceed();
end of foo2, a = 4 
in foo, b = a = 0
aspect: around set global a
call proceed();
a = 0, b = 2 
end of foo
