in foo
assignment: b = a = 1 
aspect: before set global a
end of aspect
a = 1, b = 1 
assignment: b=a=-1 
aspect: before set global a
