should match set(int *a) 
aspect, match set(int *a)
should match set(int *a) 
aspect, match set(int *a)
