in foo1
around aspect 
return value of foo1 = 99 
