in foo
aspect: before get global a
aspect: after get global a
a = 99
end of foo
in foo1, local a shadows global a 
a = 1
end of foo1
in foo2, assign a be 2
aspect: before get global a
aspect: after get global a
end of foo2
in foo
aspect: before get global a
aspect: after get global a
a = 2
end of foo
