in foo
aspect: around get global a
a = 23
end of foo
in foo1, local a shadows global a 
a = 1
end of foo1
in foo2, assign a be 2
aspect: around get global a
end of foo2
in foo
aspect: around get global a
a = 23
end of foo
