should match get(int *a) 
aspect, match get(int *a)
