call foo in main
aspect 1: before call foo
call foo2 inside aspect 
aspect 3: before call foo3 or before call foo2
in foo2 
call foo3 inside aspect 
aspect 3: before call foo3 or before call foo2
foo3, in aspect file 
call foo1 in foo
call foo2 in foo1
aspect 3: before call foo3 or before call foo2
in foo2 
aspect 2: after call foo
call foo2 inside aspect 
aspect 3: before call foo3 or before call foo2
in foo2 
call foo3 inside aspect 
aspect 3: before call foo3 or before call foo2
foo3, in aspect file 
