call foo in main
call foo1 in foo
aspect: before calling foo1, call foo2 
call foo3 in foo2 
in foo3, call foo4 
aspect: before call foo4 and in cflow of call foo1, throw exception 5
aspect: catch an exception during execution foo3 = 5
end of aspect 
call foo2 in foo1
call foo3 in foo2 
in foo3, call foo4 
aspect: before call foo4 and in cflow of call foo1, throw exception 5
aspect: catch an exception during execution foo3 = 5
